Archive member included to satisfy reference by file (symbol)

c:/program files/microchip/xc8/v2.36/avr/bin/../lib/gcc/avr/5.4.0/../../../../avr/lib/avr5/memx-const\libm.a(divsf3.o)
                              display.o (__divsf3)
c:/program files/microchip/xc8/v2.36/avr/bin/../lib/gcc/avr/5.4.0/../../../../avr/lib/avr5/memx-const\libm.a(divsf3x.o)
                              c:/program files/microchip/xc8/v2.36/avr/bin/../lib/gcc/avr/5.4.0/../../../../avr/lib/avr5/memx-const\libm.a(divsf3.o) (__divsf3x)
c:/program files/microchip/xc8/v2.36/avr/bin/../lib/gcc/avr/5.4.0/../../../../avr/lib/avr5/memx-const\libm.a(fixsfsi.o)
                              display.o (__fixsfsi)
c:/program files/microchip/xc8/v2.36/avr/bin/../lib/gcc/avr/5.4.0/../../../../avr/lib/avr5/memx-const\libm.a(fixunssfsi.o)
                              c:/program files/microchip/xc8/v2.36/avr/bin/../lib/gcc/avr/5.4.0/../../../../avr/lib/avr5/memx-const\libm.a(fixsfsi.o) (__fixunssfsi)
c:/program files/microchip/xc8/v2.36/avr/bin/../lib/gcc/avr/5.4.0/../../../../avr/lib/avr5/memx-const\libm.a(floatsisf.o)
                              display.o (__floatsisf)
c:/program files/microchip/xc8/v2.36/avr/bin/../lib/gcc/avr/5.4.0/../../../../avr/lib/avr5/memx-const\libm.a(fp_inf.o)
                              c:/program files/microchip/xc8/v2.36/avr/bin/../lib/gcc/avr/5.4.0/../../../../avr/lib/avr5/memx-const\libm.a(divsf3x.o) (__fp_inf)
c:/program files/microchip/xc8/v2.36/avr/bin/../lib/gcc/avr/5.4.0/../../../../avr/lib/avr5/memx-const\libm.a(fp_nan.o)
                              c:/program files/microchip/xc8/v2.36/avr/bin/../lib/gcc/avr/5.4.0/../../../../avr/lib/avr5/memx-const\libm.a(divsf3x.o) (__fp_nan)
c:/program files/microchip/xc8/v2.36/avr/bin/../lib/gcc/avr/5.4.0/../../../../avr/lib/avr5/memx-const\libm.a(fp_pscA.o)
                              c:/program files/microchip/xc8/v2.36/avr/bin/../lib/gcc/avr/5.4.0/../../../../avr/lib/avr5/memx-const\libm.a(divsf3x.o) (__fp_pscA)
c:/program files/microchip/xc8/v2.36/avr/bin/../lib/gcc/avr/5.4.0/../../../../avr/lib/avr5/memx-const\libm.a(fp_pscB.o)
                              c:/program files/microchip/xc8/v2.36/avr/bin/../lib/gcc/avr/5.4.0/../../../../avr/lib/avr5/memx-const\libm.a(divsf3x.o) (__fp_pscB)
c:/program files/microchip/xc8/v2.36/avr/bin/../lib/gcc/avr/5.4.0/../../../../avr/lib/avr5/memx-const\libm.a(fp_round.o)
                              c:/program files/microchip/xc8/v2.36/avr/bin/../lib/gcc/avr/5.4.0/../../../../avr/lib/avr5/memx-const\libm.a(divsf3.o) (__fp_round)
c:/program files/microchip/xc8/v2.36/avr/bin/../lib/gcc/avr/5.4.0/../../../../avr/lib/avr5/memx-const\libm.a(fp_split3.o)
                              c:/program files/microchip/xc8/v2.36/avr/bin/../lib/gcc/avr/5.4.0/../../../../avr/lib/avr5/memx-const\libm.a(divsf3x.o) (__fp_split3)
c:/program files/microchip/xc8/v2.36/avr/bin/../lib/gcc/avr/5.4.0/../../../../avr/lib/avr5/memx-const\libm.a(fp_zero.o)
                              c:/program files/microchip/xc8/v2.36/avr/bin/../lib/gcc/avr/5.4.0/../../../../avr/lib/avr5/memx-const\libm.a(fixunssfsi.o) (__fp_zero)
c:/program files/microchip/xc8/v2.36/avr/bin/../lib/gcc/avr/5.4.0/avr5/memx-const\libgcc.a(_mulsi3.o)
                              sensors.o (__mulsi3)
c:/program files/microchip/xc8/v2.36/avr/bin/../lib/gcc/avr/5.4.0/avr5/memx-const\libgcc.a(_divmodhi4.o)
                              display.o (__divmodhi4)
c:/program files/microchip/xc8/v2.36/avr/bin/../lib/gcc/avr/5.4.0/avr5/memx-const\libgcc.a(_udivmodsi4.o)
                              sensors.o (__udivmodsi4)
c:/program files/microchip/xc8/v2.36/avr/bin/../lib/gcc/avr/5.4.0/avr5/memx-const\libgcc.a(_divmodsi4.o)
                              sensors.o (__divmodsi4)
c:/program files/microchip/xc8/v2.36/avr/bin/../lib/gcc/avr/5.4.0/avr5/memx-const\libgcc.a(_negsi2.o)
                              c:/program files/microchip/xc8/v2.36/avr/bin/../lib/gcc/avr/5.4.0/avr5/memx-const\libgcc.a(_divmodsi4.o) (__negsi2)
c:/program files/microchip/xc8/v2.36/avr/bin/../lib/gcc/avr/5.4.0/avr5/memx-const\libgcc.a(_copy_data.o)
                              display.o (__do_clear_bss)
c:/program files/microchip/xc8/v2.36/avr/bin/../lib/gcc/avr/5.4.0/avr5/memx-const\libgcc.a(_muluhisi3.o)
                              c:/program files/microchip/xc8/v2.36/avr/bin/../lib/gcc/avr/5.4.0/avr5/memx-const\libgcc.a(_mulsi3.o) (__muluhisi3)
c:/program files/microchip/xc8/v2.36/avr/bin/../lib/gcc/avr/5.4.0/avr5/memx-const\libgcc.a(_mulshisi3.o)
                              sensors.o (__mulshisi3)
c:/program files/microchip/xc8/v2.36/avr/bin/../lib/gcc/avr/5.4.0/avr5/memx-const\libgcc.a(_muldi3.o)
                              sensors.o (__muldi3)
c:/program files/microchip/xc8/v2.36/avr/bin/../lib/gcc/avr/5.4.0/avr5/memx-const\libgcc.a(_muldi3_6.o)
                              c:/program files/microchip/xc8/v2.36/avr/bin/../lib/gcc/avr/5.4.0/avr5/memx-const\libgcc.a(_muldi3.o) (__muldi3_6)
[...]
Memory Configuration

Name             Origin             Length             Attributes
text             0x0000000000000000 0x0000000000008000 xr
data             0x0000000000800100 0x0000000000000800 rw !x
eeprom           0x0000000000810000 0x0000000000000400 rw !x
fuse             0x0000000000820000 0x0000000000000003 rw !x
lock             0x0000000000830000 0x0000000000000400 rw !x
signature        0x0000000000840000 0x0000000000000400 rw !x
user_signatures  0x0000000000850000 0x0000000000000400 rw !x
*default*        0x0000000000000000 0xffffffffffffffff

Linker script and memory map

Address of section .data set to 0x800100
LOAD Z:/SOFTWARE/7.0/Packs/atmel/ATmega_DFP/1.7.374/xc8/avr/lib/avr5/memx-const/crtatmega328pb.o
LOAD diodes.o
LOAD display.o
LOAD main.o
LOAD sensors.o
LOAD uart.o
START GROUP
LOAD c:/program files/microchip/xc8/v2.36/avr/bin/../lib/gcc/avr/5.4.0/../../../../avr/lib/avr5/memx-const\libm.a
END GROUP
START GROUP
LOAD c:/program files/microchip/xc8/v2.36/avr/bin/../lib/gcc/avr/5.4.0/avr5/memx-const\libgcc.a
LOAD c:/program files/microchip/xc8/v2.36/avr/bin/../lib/gcc/avr/5.4.0/../../../../avr/lib/avr5/memx-const\libm.a
LOAD c:/program files/microchip/xc8/v2.36/avr/bin/../lib/gcc/avr/5.4.0/../../../../avr/lib/avr5/memx-const\libc.a
LOAD Z:/SOFTWARE/7.0/Packs/atmel/ATmega_DFP/1.7.374/xc8/avr/lib/avr5/memx-const\libatmega328pb.a
END GROUP
                [0x0000000000000000]                __TEXT_REGION_ORIGIN__ = DEFINED (__TEXT_REGION_ORIGIN__)?__TEXT_REGION_ORIGIN__:0x0
                [0x0000000000800100]                __DATA_REGION_ORIGIN__ = DEFINED (__DATA_REGION_ORIGIN__)?__DATA_REGION_ORIGIN__:0x800060
                [0x0000000000008000]                __TEXT_REGION_LENGTH__ = DEFINED (__TEXT_REGION_LENGTH__)?__TEXT_REGION_LENGTH__:0x20000
                [0x0000000000000800]                __DATA_REGION_LENGTH__ = DEFINED (__DATA_REGION_LENGTH__)?__DATA_REGION_LENGTH__:0xffa0
                [0x0000000000000400]                __EEPROM_REGION_LENGTH__ = DEFINED (__EEPROM_REGION_LENGTH__)?__EEPROM_REGION_LENGTH__:0x10000
                [0x0000000000000003]                __FUSE_REGION_LENGTH__ = DEFINED (__FUSE_REGION_LENGTH__)?__FUSE_REGION_LENGTH__:0x400
                0x0000000000000400                __LOCK_REGION_LENGTH__ = DEFINED (__LOCK_REGION_LENGTH__)?__LOCK_REGION_LENGTH__:0x400
                0x0000000000000400                __SIGNATURE_REGION_LENGTH__ = DEFINED (__SIGNATURE_REGION_LENGTH__)?__SIGNATURE_REGION_LENGTH__:0x400
                0x0000000000000400                __USER_SIGNATURE_REGION_LENGTH__ = DEFINED (__USER_SIGNATURE_REGION_LENGTH__)?__USER_SIGNATURE_REGION_LENGTH__:0x400

.hash
 *(.hash)

.dynsym
 *(.dynsym)

.dynstr
 *(.dynstr)

.gnu.version
 *(.gnu.version)

.gnu.version_d
 *(.gnu.version_d)

.gnu.version_r
 *(.gnu.version_r)

.rel.init
 *(.rel.init)

.rela.init
 *(.rela.init)

.rel.text
 *(.rel.text)
 *(.rel.text.*)
 *(.rel.gnu.linkonce.t*)

.rela.text
 *(.rela.text)
 *(.rela.text.*)
 *(.rela.gnu.linkonce.t*)

.rel.fini
 *(.rel.fini)

.rela.fini
 *(.rela.fini)

.rel.rodata
 *(.rel.rodata)
 *(.rel.rodata.*)
 *(.rel.gnu.linkonce.r*)

.rela.rodata
 *(.rela.rodata)
 *(.rela.rodata.*)
 *(.rela.gnu.linkonce.r*)

.rel.data
 *(.rel.data)
 *(.rel.data.*)
 *(.rel.gnu.linkonce.d*)

.rela.data
 *(.rela.data)
 *(.rela.data.*)
 *(.rela.gnu.linkonce.d*)

.rel.ctors
 *(.rel.ctors)

.rela.ctors
 *(.rela.ctors)

.rel.dtors
 *(.rel.dtors)

.rela.dtors
 *(.rela.dtors)

.rel.got
 *(.rel.got)

.rela.got
 *(.rela.got)

.rel.bss
 *(.rel.bss)

.rela.bss
 *(.rela.bss)

.rel.plt
 *(.rel.plt)

.rela.plt
 *(.rela.plt)

.text           0x0000000000000000      0x10e
 *(.vectors)
 .vectors       0x0000000000000000       0xb4 Z:/SOFTWARE/7.0/Packs/atmel/ATmega_DFP/1.7.374/xc8/avr/lib/avr5/memx-const/crtatmega328pb.o
                0x0000000000000000                __vector_default
                0x0000000000000000                __vectors
 *(.vectors)
 *(.progmem.gcc*)
 *(.dinit)
 .dinit         0x00000000000000b4        0x5 data_init
                0x00000000000000ba                . = ALIGN (0x2)
 *fill*         0x00000000000000b9        0x1 
                0x00000000000000ba                __trampolines_start = .
 *(.trampolines)
 .trampolines   0x00000000000000ba        0x0 linker stubs
 *(.trampolines*)
                0x00000000000000ba                __trampolines_end = .
 *libprintf_flt.a:*(.progmem.data)
 *libc.a:*(.progmem.data)
                0x00000000000000ba                . = ALIGN (0x2)
 *(.jumptables)
 *(.jumptables*)
 *(.lowtext)
 *(.lowtext*)
                0x00000000000000ba                __ctors_start = .
 *(.ctors)
                0x00000000000000ba                __ctors_end = .
                0x00000000000000ba                __dtors_start = .
 *(.dtors)
                0x00000000000000ba                __dtors_end = .
 SORT(*)(.ctors)
 SORT(*)(.dtors)
 *(.init0)
 .init0         0x00000000000000ba        0x0 Z:/SOFTWARE/7.0/Packs/atmel/ATmega_DFP/1.7.374/xc8/avr/lib/avr5/memx-const/crtatmega328pb.o
                0x00000000000000ba                __init
 *(.init0)
 *(.init1)
 *(.init1)
 *(.init2)
 .init2         0x00000000000000ba        0xc Z:/SOFTWARE/7.0/Packs/atmel/ATmega_DFP/1.7.374/xc8/avr/lib/avr5/memx-const/crtatmega328pb.o
 *(.init2)
 *(.init3)
 *(.init3)
 *(.init4)
 .init4         0x00000000000000c6       0x3c c:/program files/microchip/xc8/v2.36/avr/bin/../lib/gcc/avr/5.4.0/avr5/memx-const\libgcc.a(_copy_data.o)
                0x00000000000000c6                __do_copy_data
                0x00000000000000f4                __do_clear_bss
 *(.init4)
 *(.init5)
 *(.init5)
 *(.init6)
 *(.init6)
 *(.init7)
 *(.init7)
 *(.init8)
 *(.init8)
 *(.init9)
 .init9         0x0000000000000102        0x8 Z:/SOFTWARE/7.0/Packs/atmel/ATmega_DFP/1.7.374/xc8/avr/lib/avr5/memx-const/crtatmega328pb.o
 *(.init9)
                0x000000000000010a                . = ALIGN (0x2)
 *(.fini9)
 .fini9         0x000000000000010a        0x0 c:/program files/microchip/xc8/v2.36/avr/bin/../lib/gcc/avr/5.4.0/avr5/memx-const\libgcc.a(_exit.o)
                0x000000000000010a                _exit
 *(.fini9)
 *(.fini8)
 *(.fini8)
 *(.fini7)
 *(.fini7)
 *(.fini6)
 *(.fini6)
 *(.fini5)
 *(.fini5)
 *(.fini4)
 *(.fini4)
 *(.fini3)
 *(.fini3)
 *(.fini2)
 *(.fini2)
 *(.fini1)
 *(.fini1)
 *(.fini0)
 .fini0         0x000000000000010a        0x4 c:/program files/microchip/xc8/v2.36/avr/bin/../lib/gcc/avr/5.4.0/avr5/memx-const\libgcc.a(_exit.o)
 *(.fini0)
                0x000000000000010e                _etext = .

.data           0x0000000000800100        0x0 load address 0x000000000000010e
                [!provide]                        PROVIDE (__data_start, .)
 *(.gnu.linkonce.d*)
 *(.gnu.linkonce.r*)
                0x0000000000800100                . = ALIGN (0x2)
                0x0000000000800100                _edata = .
                [!provide]                        PROVIDE (__data_end, .)

.bss            0x0000000000800100       0x1c
                [!provide]                        PROVIDE (__bss_start, .)
 *(COMMON)
 COMMON         0x0000000000800100       0x1c sensors.o
                0x0000000000800100                dig_P7
                0x0000000000800102                dig_T1
                0x0000000000800104                dig_T2
                0x0000000000800106                dig_P2
                0x0000000000800108                dig_P4
                0x000000000080010a                dig_P5
                0x000000000080010c                dig_P1
                0x000000000080010e                dig_P3
                0x0000000000800110                dig_P8
                0x0000000000800112                dig_P9
                0x0000000000800114                dig_T3
                0x0000000000800116                dig_P6
                0x0000000000800118                t_fine
                [!provide]                        PROVIDE (__bss_end, .)
                0x000000000000010e                __data_load_start = LOADADDR (.data)
                0x000000000000010e                __data_load_end = (__data_load_start + SIZEOF (.data))

.noinit         0x000000000080011c        0x0
                [!provide]                        PROVIDE (__noinit_start, .)
 *(.noinit*)
                [!provide]                        PROVIDE (__noinit_end, .)
                0x000000000080011c                _end = .

.eeprom         0x0000000000810000        0x0
 *(.eeprom*)
                0x0000000000810000                __eeprom_end = .

.fuse
 *(.fuse)
 *(.lfuse)
 *(.hfuse)
 *(.efuse)

.lock
 *(.lock*)

.signature
 *(.signature*)

.user_signatures
 *(.user_signatures*)

.stab
 *(.stab)

.stabstr
 *(.stabstr)

.stab.excl
 *(.stab.excl)

.stab.exclstr
 *(.stab.exclstr)

.stab.index
 *(.stab.index)

.stab.indexstr
 *(.stab.indexstr)

.comment        0x0000000000000000       0x2f
 *(.comment)
 .comment       0x0000000000000000       0x2f diodes.o
                                         0x30 (size before relaxing)
 .comment       0x000000000000002f       0x30 display.o
 .comment       0x000000000000002f       0x30 main.o
 .comment       0x000000000000002f       0x30 sensors.o
 .comment       0x000000000000002f       0x30 uart.o
 .comment       0x000000000000002f       0x30 c:/program files/microchip/xc8/v2.36/avr/bin/../lib/gcc/avr/5.4.0/../../../../avr/lib/avr5/memx-const\libc.a(exit.o)
 .comment       0x000000000000002f       0x30 c:/program files/microchip/xc8/v2.36/avr/bin/../lib/gcc/avr/5.4.0/../../../../avr/lib/avr5/memx-const\libc.a(_Exit.o)

.stack.descriptors.hdr
                0x0000000000000000      0x1dc
 .stack.descriptors.hdr
                0x0000000000000000        0xe c:/program files/microchip/xc8/v2.36/avr/bin/../lib/gcc/avr/5.4.0/../../../../avr/lib/avr5/memx-const\libm.a(divsf3.o)
 .stack.descriptors.hdr
                0x000000000000000e        0xe c:/program files/microchip/xc8/v2.36/avr/bin/../lib/gcc/avr/5.4.0/../../../../avr/lib/avr5/memx-const\libm.a(divsf3x.o)
 .stack.descriptors.hdr
                0x000000000000001c        0xe c:/program files/microchip/xc8/v2.36/avr/bin/../lib/gcc/avr/5.4.0/../../../../avr/lib/avr5/memx-const\libm.a(fixsfsi.o)
 .stack.descriptors.hdr
                0x000000000000002a        0xe c:/program files/microchip/xc8/v2.36/avr/bin/../lib/gcc/avr/5.4.0/../../../../avr/lib/avr5/memx-const\libm.a(fixunssfsi.o)
 .stack.descriptors.hdr
                0x0000000000000038        0xe c:/program files/microchip/xc8/v2.36/avr/bin/../lib/gcc/avr/5.4.0/../../../../avr/lib/avr5/memx-const\libm.a(floatsisf.o)
 .stack.descriptors.hdr
                0x0000000000000046        0xe c:/program files/microchip/xc8/v2.36/avr/bin/../lib/gcc/avr/5.4.0/../../../../avr/lib/avr5/memx-const\libm.a(fp_inf.o)
 .stack.descriptors.hdr
                0x0000000000000054        0xe c:/program files/microchip/xc8/v2.36/avr/bin/../lib/gcc/avr/5.4.0/../../../../avr/lib/avr5/memx-const\libm.a(fp_nan.o)
 .stack.descriptors.hdr
                0x0000000000000062        0xe c:/program files/microchip/xc8/v2.36/avr/bin/../lib/gcc/avr/5.4.0/../../../../avr/lib/avr5/memx-const\libm.a(fp_pscA.o)
 .stack.descriptors.hdr
                0x0000000000000070        0xe c:/program files/microchip/xc8/v2.36/avr/bin/../lib/gcc/avr/5.4.0/../../../../avr/lib/avr5/memx-const\libm.a(fp_pscB.o)
 .stack.descriptors.hdr
                0x000000000000007e        0xe c:/program files/microchip/xc8/v2.36/avr/bin/../lib/gcc/avr/5.4.0/../../../../avr/lib/avr5/memx-const\libm.a(fp_round.o)
 .stack.descriptors.hdr
                0x000000000000008c        0xe c:/program files/microchip/xc8/v2.36/avr/bin/../lib/gcc/avr/5.4.0/../../../../avr/lib/avr5/memx-const\libm.a(fp_split3.o)
 .stack.descriptors.hdr
                0x000000000000009a        0xe c:/program files/microchip/xc8/v2.36/avr/bin/../lib/gcc/avr/5.4.0/../../../../avr/lib/avr5/memx-const\libm.a(fp_zero.o)
 .stack.descriptors.hdr
                0x00000000000000a8        0xe c:/program files/microchip/xc8/v2.36/avr/bin/../lib/gcc/avr/5.4.0/avr5/memx-const\libgcc.a(_mulsi3.o)
 .stack.descriptors.hdr
                0x00000000000000b6        0xe c:/program files/microchip/xc8/v2.36/avr/bin/../lib/gcc/avr/5.4.0/avr5/memx-const\libgcc.a(_divmodhi4.o)
 .stack.descriptors.hdr
                0x00000000000000c4        0xe c:/program files/microchip/xc8/v2.36/avr/bin/../lib/gcc/avr/5.4.0/avr5/memx-const\libgcc.a(_udivmodsi4.o)
 .stack.descriptors.hdr
                0x00000000000000d2        0xe c:/program files/microchip/xc8/v2.36/avr/bin/../lib/gcc/avr/5.4.0/avr5/memx-const\libgcc.a(_divmodsi4.o)
 .stack.descriptors.hdr
                0x00000000000000e0        0xe c:/program files/microchip/xc8/v2.36/avr/bin/../lib/gcc/avr/5.4.0/avr5/memx-const\libgcc.a(_negsi2.o)
 .stack.descriptors.hdr
                0x00000000000000ee        0xe c:/program files/microchip/xc8/v2.36/avr/bin/../lib/gcc/avr/5.4.0/avr5/memx-const\libgcc.a(_muluhisi3.o)
 .stack.descriptors.hdr
                0x00000000000000fc        0xe c:/program files/microchip/xc8/v2.36/avr/bin/../lib/gcc/avr/5.4.0/avr5/memx-const\libgcc.a(_mulshisi3.o)
 .stack.descriptors.hdr
                0x000000000000010a        0xe c:/program files/microchip/xc8/v2.36/avr/bin/../lib/gcc/avr/5.4.0/avr5/memx-const\libgcc.a(_muldi3.o)
 .stack.descriptors.hdr
                0x0000000000000118        0xe c:/program files/microchip/xc8/v2.36/avr/bin/../lib/gcc/avr/5.4.0/avr5/memx-const\libgcc.a(_muldi3_6.o)
 .stack.descriptors.hdr
                0x0000000000000126        0xe c:/program files/microchip/xc8/v2.36/avr/bin/../lib/gcc/avr/5.4.0/avr5/memx-const\libgcc.a(_divdi3.o)
 .stack.descriptors.hdr
                0x0000000000000134        0xe c:/program files/microchip/xc8/v2.36/avr/bin/../lib/gcc/avr/5.4.0/avr5/memx-const\libgcc.a(_udivdi3.o)
 .stack.descriptors.hdr
                0x0000000000000142        0xe c:/program files/microchip/xc8/v2.36/avr/bin/../lib/gcc/avr/5.4.0/avr5/memx-const\libgcc.a(_udivmod64.o)
 .stack.descriptors.hdr
                0x0000000000000150        0xe c:/program files/microchip/xc8/v2.36/avr/bin/../lib/gcc/avr/5.4.0/avr5/memx-const\libgcc.a(_negdi2.o)
 .stack.descriptors.hdr
                0x000000000000015e        0xe c:/program files/microchip/xc8/v2.36/avr/bin/../lib/gcc/avr/5.4.0/avr5/memx-const\libgcc.a(_movmemx.o)
 .stack.descriptors.hdr
                0x000000000000016c        0xe c:/program files/microchip/xc8/v2.36/avr/bin/../lib/gcc/avr/5.4.0/avr5/memx-const\libgcc.a(_ashldi3.o)
 .stack.descriptors.hdr
                0x000000000000017a        0xe c:/program files/microchip/xc8/v2.36/avr/bin/../lib/gcc/avr/5.4.0/avr5/memx-const\libgcc.a(_ashrdi3.o)
 .stack.descriptors.hdr
                0x0000000000000188        0xe c:/program files/microchip/xc8/v2.36/avr/bin/../lib/gcc/avr/5.4.0/avr5/memx-const\libgcc.a(_adddi3.o)
 .stack.descriptors.hdr
                0x0000000000000196        0xe c:/program files/microchip/xc8/v2.36/avr/bin/../lib/gcc/avr/5.4.0/avr5/memx-const\libgcc.a(_subdi3.o)
 .stack.descriptors.hdr
                0x00000000000001a4        0xe c:/program files/microchip/xc8/v2.36/avr/bin/../lib/gcc/avr/5.4.0/avr5/memx-const\libgcc.a(_cmpdi2_s8.o)
 .stack.descriptors.hdr
                0x00000000000001b2        0xe c:/program files/microchip/xc8/v2.36/avr/bin/../lib/gcc/avr/5.4.0/avr5/memx-const\libgcc.a(_udivmodhi4.o)
 .stack.descriptors.hdr
                0x00000000000001c0        0xe c:/program files/microchip/xc8/v2.36/avr/bin/../lib/gcc/avr/5.4.0/avr5/memx-const\libgcc.a(_umulhisi3.o)
 .stack.descriptors.hdr
                0x00000000000001ce        0xe c:/program files/microchip/xc8/v2.36/avr/bin/../lib/gcc/avr/5.4.0/avr5/memx-const\libgcc.a(_exit.o)

.note.GNU-stack
                0x0000000000000000        0x0
 .note.GNU-stack
                0x0000000000000000        0x0 c:/program files/microchip/xc8/v2.36/avr/bin/../lib/gcc/avr/5.4.0/../../../../avr/lib/avr5/memx-const\libm.a(divsf3.o)
 .note.GNU-stack
                0x0000000000000000        0x0 c:/program files/microchip/xc8/v2.36/avr/bin/../lib/gcc/avr/5.4.0/../../../../avr/lib/avr5/memx-const\libm.a(divsf3x.o)
 .note.GNU-stack
                0x0000000000000000        0x0 c:/program files/microchip/xc8/v2.36/avr/bin/../lib/gcc/avr/5.4.0/../../../../avr/lib/avr5/memx-const\libm.a(fixsfsi.o)
 .note.GNU-stack
                0x0000000000000000        0x0 c:/program files/microchip/xc8/v2.36/avr/bin/../lib/gcc/avr/5.4.0/../../../../avr/lib/avr5/memx-const\libm.a(fixunssfsi.o)
 .note.GNU-stack
                0x0000000000000000        0x0 c:/program files/microchip/xc8/v2.36/avr/bin/../lib/gcc/avr/5.4.0/../../../../avr/lib/avr5/memx-const\libm.a(floatsisf.o)
 .note.GNU-stack
                0x0000000000000000        0x0 c:/program files/microchip/xc8/v2.36/avr/bin/../lib/gcc/avr/5.4.0/../../../../avr/lib/avr5/memx-const\libm.a(fp_inf.o)
 .note.GNU-stack
                0x0000000000000000        0x0 c:/program files/microchip/xc8/v2.36/avr/bin/../lib/gcc/avr/5.4.0/../../../../avr/lib/avr5/memx-const\libm.a(fp_nan.o)
 .note.GNU-stack
                0x0000000000000000        0x0 c:/program files/microchip/xc8/v2.36/avr/bin/../lib/gcc/avr/5.4.0/../../../../avr/lib/avr5/memx-const\libm.a(fp_pscA.o)
 .note.GNU-stack
                0x0000000000000000        0x0 c:/program files/microchip/xc8/v2.36/avr/bin/../lib/gcc/avr/5.4.0/../../../../avr/lib/avr5/memx-const\libm.a(fp_pscB.o)
 .note.GNU-stack
                0x0000000000000000        0x0 c:/program files/microchip/xc8/v2.36/avr/bin/../lib/gcc/avr/5.4.0/../../../../avr/lib/avr5/memx-const\libm.a(fp_round.o)
 .note.GNU-stack
                0x0000000000000000        0x0 c:/program files/microchip/xc8/v2.36/avr/bin/../lib/gcc/avr/5.4.0/../../../../avr/lib/avr5/memx-const\libm.a(fp_split3.o)
 .note.GNU-stack
                0x0000000000000000        0x0 c:/program files/microchip/xc8/v2.36/avr/bin/../lib/gcc/avr/5.4.0/../../../../avr/lib/avr5/memx-const\libm.a(fp_zero.o)
 .note.GNU-stack
                0x0000000000000000        0x0 c:/program files/microchip/xc8/v2.36/avr/bin/../lib/gcc/avr/5.4.0/../../../../avr/lib/avr5/memx-const\libc.a(exit.o)
 .note.GNU-stack
                0x0000000000000000        0x0 c:/program files/microchip/xc8/v2.36/avr/bin/../lib/gcc/avr/5.4.0/../../../../avr/lib/avr5/memx-const\libc.a(_Exit.o)

.note.gnu.build-id
 *(.note.gnu.build-id)

.debug
 *(.debug)

.line
 *(.line)

.debug_srcinfo
 *(.debug_srcinfo)

.debug_sfnames
 *(.debug_sfnames)

.debug_aranges  0x0000000000000000      0x1f8
 *(.debug_aranges)
 .debug_aranges
                0x0000000000000000       0x38 diodes.o
 .debug_aranges
                0x0000000000000038       0x38 display.o
 .debug_aranges
                0x0000000000000070       0x20 main.o
 .debug_aranges
                0x0000000000000090       0xf0 sensors.o
 .debug_aranges
                0x0000000000000180       0x78 uart.o

.debug_pubnames
 *(.debug_pubnames)

.debug_info     0x0000000000000000     0x32c5
 *(.debug_info .gnu.linkonce.wi.*)
 .debug_info    0x0000000000000000      0x8ea Z:/SOFTWARE/7.0/Packs/atmel/ATmega_DFP/1.7.374/xc8/avr/lib/avr5/memx-const/crtatmega328pb.o
 .debug_info    0x00000000000008ea      0x2de diodes.o
 .debug_info    0x0000000000000bc8      0x38d display.o
 .debug_info    0x0000000000000f55      0x92c main.o
 .debug_info    0x0000000000001881     0x131e sensors.o
 .debug_info    0x0000000000002b9f      0x726 uart.o

.debug_abbrev   0x0000000000000000      0xf8d
 *(.debug_abbrev)
 .debug_abbrev  0x0000000000000000      0x86e Z:/SOFTWARE/7.0/Packs/atmel/ATmega_DFP/1.7.374/xc8/avr/lib/avr5/memx-const/crtatmega328pb.o
 .debug_abbrev  0x000000000000086e       0x46 diodes.o
 .debug_abbrev  0x00000000000008b4       0xec display.o
 .debug_abbrev  0x00000000000009a0      0x166 main.o
 .debug_abbrev  0x0000000000000b06      0x2f1 sensors.o
 .debug_abbrev  0x0000000000000df7      0x196 uart.o

.debug_line     0x0000000000000000     0x1158
 *(.debug_line .debug_line.* .debug_line_end)
 .debug_line    0x0000000000000000      0x1a9 Z:/SOFTWARE/7.0/Packs/atmel/ATmega_DFP/1.7.374/xc8/avr/lib/avr5/memx-const/crtatmega328pb.o
 .debug_line    0x00000000000001a9       0xcb diodes.o
 .debug_line    0x0000000000000274      0x18e display.o
 .debug_line    0x0000000000000402      0x284 main.o
 .debug_line    0x0000000000000686      0x7d8 sensors.o
 .debug_line    0x0000000000000e5e      0x2fa uart.o

.debug_frame    0x0000000000000000      0x598
 *(.debug_frame)
 .debug_frame   0x0000000000000000       0x54 diodes.o
 .debug_frame   0x0000000000000054       0xc4 display.o
 .debug_frame   0x0000000000000118       0x34 main.o
 .debug_frame   0x000000000000014c      0x2dc sensors.o
 .debug_frame   0x0000000000000428      0x170 uart.o

.debug_str      0x0000000000000000      0x462
 *(.debug_str)
 .debug_str     0x0000000000000000      0x318 Z:/SOFTWARE/7.0/Packs/atmel/ATmega_DFP/1.7.374/xc8/avr/lib/avr5/memx-const/crtatmega328pb.o
 .debug_str     0x0000000000000318        0x0 diodes.o
 .debug_str     0x0000000000000318        0x0 display.o
 .debug_str     0x0000000000000318      0x113 main.o
 .debug_str     0x000000000000042b       0x30 sensors.o
 .debug_str     0x000000000000045b        0x7 uart.o

.debug_loc      0x0000000000000000     0x1d9d
 *(.debug_loc)
 .debug_loc     0x0000000000000000      0x1a8 display.o
 .debug_loc     0x00000000000001a8      0x2cd main.o
 .debug_loc     0x0000000000000475     0x1465 sensors.o
 .debug_loc     0x00000000000018da      0x4c3 uart.o

.debug_macinfo
 *(.debug_macinfo)

.debug_weaknames
 *(.debug_weaknames)

.debug_funcnames
 *(.debug_funcnames)

.debug_typenames
 *(.debug_typenames)

.debug_varnames
 *(.debug_varnames)

.debug_pubtypes
 *(.debug_pubtypes)

.debug_ranges   0x0000000000000000      0x1c0
 *(.debug_ranges)
 .debug_ranges  0x0000000000000000       0x28 diodes.o
 .debug_ranges  0x0000000000000028       0x28 display.o
 .debug_ranges  0x0000000000000050       0x10 main.o
 .debug_ranges  0x0000000000000060       0xf8 sensors.o
 .debug_ranges  0x0000000000000158       0x68 uart.o

.debug_macro
 *(.debug_macro)
OUTPUT(designlab_AB_AK_SS.elf elf32-avr)
LOAD linker stubs
LOAD data_init

.note.gnu.avr.deviceinfo
                0x0000000000000000       0x40
 .note.gnu.avr.deviceinfo
                0x0000000000000000       0x40 Z:/SOFTWARE/7.0/Packs/atmel/ATmega_DFP/1.7.374/xc8/avr/lib/avr5/memx-const/crtatmega328pb.o

.bss.seg_values
                0x000000000080015c        0x4
 .bss.seg_values
                0x000000000080015c        0x4 display.o
                0x000000000080015c                seg_values

.bss.seg_digit  0x0000000000800160        0x1
 .bss.seg_digit
                0x0000000000800160        0x1 display.o
                0x0000000000800160                seg_digit

.bss.button_state.2130
                0x0000000000800161        0x1
 .bss.button_state.2130
                0x0000000000800161        0x1 sensors.o

.bss.rx_tail    0x0000000000800162        0x1
 .bss.rx_tail   0x0000000000800162        0x1 uart.o

.bss.rx_head    0x0000000000800163        0x1
 .bss.rx_head   0x0000000000800163        0x1 uart.o

.bss.rx_buffer  0x000000000080011c       0x40
 .bss.rx_buffer
                0x000000000080011c       0x40 uart.o

.progmemx.data  0x000000000000010e       0x7a
 .progmemx.data
                0x000000000000010e       0x7a main.o

.progmemx.data  0x0000000000000188       0x18
 .progmemx.data
                0x0000000000000188       0x18 uart.o

.progmemx.data.seven_seg_digits
                0x00000000000001a0        0xa
 .progmemx.data.seven_seg_digits
                0x00000000000001a0        0xa display.o
                0x00000000000001a0                seven_seg_digits

.text.BMP280_CompensatePressure
                0x00000000000001aa      0x4a4
 .text.BMP280_CompensatePressure
                0x00000000000001aa      0x4a4 sensors.o
                0x00000000000001aa                BMP280_CompensatePressure

.text.main      0x000000000000064e      0x1f0
 .text.main     0x000000000000064e      0x1f0 main.o
                0x000000000000064e                main

.text.BMP280_ReadCalibration
                0x000000000000083e      0x166
 .text.BMP280_ReadCalibration
                0x000000000000083e      0x166 sensors.o
                0x000000000000083e                BMP280_ReadCalibration

.text.BMP280_CompensateTemp
                0x00000000000009a4      0x138
 .text.BMP280_CompensateTemp
                0x00000000000009a4      0x138 sensors.o
                0x00000000000009a4                BMP280_CompensateTemp

.text.BMP280_ReadPressure
                0x0000000000000adc      0x12c
 .text.BMP280_ReadPressure
                0x0000000000000adc      0x12c sensors.o
                0x0000000000000adc                BMP280_ReadPressure

.text           0x0000000000000c08       0xde
 .text          0x0000000000000c08       0xde c:/program files/microchip/xc8/v2.36/avr/bin/../lib/gcc/avr/5.4.0/../../../../avr/lib/avr5/memx-const\libm.a(divsf3x.o)
                0x0000000000000c08                __divsf3x
                0x0000000000000c30                __divsf3_pse

.text.uart_print_hex
                0x0000000000000ce6       0xce
 .text.uart_print_hex
                0x0000000000000ce6       0xce uart.o
                0x0000000000000ce6                uart_print_hex

.text.SevenSeg_Show
                0x0000000000000db4       0xb0
 .text.SevenSeg_Show
                0x0000000000000db4       0xb0 display.o
                0x0000000000000db4                SevenSeg_Show

.text.SevenSeg_Update
                0x0000000000000e64       0xa6
 .text.SevenSeg_Update
                0x0000000000000e64       0xa6 display.o
                0x0000000000000e64                SevenSeg_Update

.text.BMP280_ReadTemperature
                0x0000000000000f0a       0xa4
 .text.BMP280_ReadTemperature
                0x0000000000000f0a       0xa4 sensors.o
                0x0000000000000f0a                BMP280_ReadTemperature

.text.uart_print_int
                0x0000000000000fae       0xa2
 .text.uart_print_int
                0x0000000000000fae       0xa2 uart.o
                0x0000000000000fae                uart_print_int

.text.libgcc.div
                0x0000000000001050       0xa2
 .text.libgcc.div
                0x0000000000001050       0xa2 c:/program files/microchip/xc8/v2.36/avr/bin/../lib/gcc/avr/5.4.0/avr5/memx-const\libgcc.a(_udivmod64.o)
                0x0000000000001050                __udivmod64

.text.libgcc.mul
                0x00000000000010f2       0xa0
 .text.libgcc.mul
                0x00000000000010f2       0xa0 c:/program files/microchip/xc8/v2.36/avr/bin/../lib/gcc/avr/5.4.0/avr5/memx-const\libgcc.a(_muldi3.o)
                0x00000000000010f2                __muldi3

.text.DS18B20_ReadTemperature
                0x0000000000001192       0x8c
 .text.DS18B20_ReadTemperature
                0x0000000000001192       0x8c sensors.o
                0x0000000000001192                DS18B20_ReadTemperature

.text           0x000000000000121e       0x7a
 .text          0x000000000000121e       0x7a c:/program files/microchip/xc8/v2.36/avr/bin/../lib/gcc/avr/5.4.0/../../../../avr/lib/avr5/memx-const\libm.a(floatsisf.o)
                0x000000000000121e                __floatunsisf
                0x0000000000001222                __floatsisf

.text.libgcc.div
                0x0000000000001298       0x62
 .text.libgcc.div
                0x0000000000001298       0x62 c:/program files/microchip/xc8/v2.36/avr/bin/../lib/gcc/avr/5.4.0/avr5/memx-const\libgcc.a(_divdi3.o)
                0x0000000000001298                __moddi3
                0x000000000000129c                __divdi3
                0x000000000000129e                __divdi3_moddi3

.text.__vector_18
                0x00000000000012fa       0x60
 .text.__vector_18
                0x00000000000012fa       0x60 uart.o
                0x00000000000012fa                __vector_18

.text.BMP280_Init
                0x000000000000135a       0x5e
 .text.BMP280_Init
                0x000000000000135a       0x5e sensors.o
                0x000000000000135a                BMP280_Init

.text           0x00000000000013b8       0x5e
 .text          0x00000000000013b8       0x5e c:/program files/microchip/xc8/v2.36/avr/bin/../lib/gcc/avr/5.4.0/../../../../avr/lib/avr5/memx-const\libm.a(fixunssfsi.o)
                0x00000000000013b8                __fixunssfsi

.text.__vector_14
                0x0000000000001416       0x48
 .text.__vector_14
                0x0000000000001416       0x48 display.o
                0x0000000000001416                __vector_14

.text.Button_IsPressed
                0x000000000000145e       0x48
 .text.Button_IsPressed
                0x000000000000145e       0x48 sensors.o
                0x000000000000145e                Button_IsPressed

.text.uart_read
                0x00000000000014a6       0x48
 .text.uart_read
                0x00000000000014a6       0x48 uart.o
                0x00000000000014a6                uart_read

.text           0x00000000000014ee       0x44
 .text          0x00000000000014ee       0x44 c:/program files/microchip/xc8/v2.36/avr/bin/../lib/gcc/avr/5.4.0/../../../../avr/lib/avr5/memx-const\libm.a(fp_split3.o)
                0x00000000000014ee                __fp_split3
                0x00000000000014fe                __fp_splitA

.text.libgcc.div
                0x0000000000001532       0x44
 .text.libgcc.div
                0x0000000000001532       0x44 c:/program files/microchip/xc8/v2.36/avr/bin/../lib/gcc/avr/5.4.0/avr5/memx-const\libgcc.a(_udivmodsi4.o)
                0x0000000000001532                __udivmodsi4

.text.libgcc.builtins
                0x0000000000001576       0x3c
 .text.libgcc.builtins
                0x0000000000001576       0x3c c:/program files/microchip/xc8/v2.36/avr/bin/../lib/gcc/avr/5.4.0/avr5/memx-const\libgcc.a(_ashrdi3.o)
                0x0000000000001576                __ashrdi3
                0x000000000000157a                __lshrdi3

.text.DS18B20_Reset
                0x00000000000015b2       0x3a
 .text.DS18B20_Reset
                0x00000000000015b2       0x3a sensors.o
                0x00000000000015b2                DS18B20_Reset

.text.libgcc.prologue
                0x00000000000015ec       0x38
 .text.libgcc.prologue
                0x00000000000015ec       0x38 c:/program files/microchip/xc8/v2.36/avr/bin/../lib/gcc/avr/5.4.0/avr5/memx-const\libgcc.a(_prologue.o)
                0x00000000000015ec                __prologue_saves__

.text.SevenSeg_Init
                0x0000000000001624       0x36
 .text.SevenSeg_Init
                0x0000000000001624       0x36 display.o
                0x0000000000001624                SevenSeg_Init

.text.DS18B20_WriteBit
                0x000000000000165a       0x36
 .text.DS18B20_WriteBit
                0x000000000000165a       0x36 sensors.o
                0x000000000000165a                DS18B20_WriteBit

.text.libgcc.prologue
                0x0000000000001690       0x36
 .text.libgcc.prologue
                0x0000000000001690       0x36 c:/program files/microchip/xc8/v2.36/avr/bin/../lib/gcc/avr/5.4.0/avr5/memx-const\libgcc.a(_epilogue.o)
                0x0000000000001690                __epilogue_restores__

.text.libgcc.builtins
                0x00000000000016c6       0x32
 .text.libgcc.builtins
                0x00000000000016c6       0x32 c:/program files/microchip/xc8/v2.36/avr/bin/../lib/gcc/avr/5.4.0/avr5/memx-const\libgcc.a(_ashldi3.o)
                0x00000000000016c6                __ashldi3

.text.DS18B20_ReadBit
                0x00000000000016f8       0x30
 .text.DS18B20_ReadBit
                0x00000000000016f8       0x30 sensors.o
                0x00000000000016f8                DS18B20_ReadBit

.text.BMP280_ReadReg
                0x0000000000001728       0x2e
 .text.BMP280_ReadReg
                0x0000000000001728       0x2e sensors.o
                0x0000000000001728                BMP280_ReadReg

.text.libgcc.div
                0x0000000000001756       0x2e
 .text.libgcc.div
                0x0000000000001756       0x2e c:/program files/microchip/xc8/v2.36/avr/bin/../lib/gcc/avr/5.4.0/avr5/memx-const\libgcc.a(_divmodsi4.o)
                0x0000000000001756                __divmodsi4

.text.uart_print
                0x0000000000001784       0x2c
 .text.uart_print
                0x0000000000001784       0x2c uart.o
                0x0000000000001784                uart_print

.text.BMP280_WriteReg
                0x00000000000017b0       0x28
 .text.BMP280_WriteReg
                0x00000000000017b0       0x28 sensors.o
                0x00000000000017b0                BMP280_WriteReg

.text.libgcc.div
                0x00000000000017d8       0x28
 .text.libgcc.div
                0x00000000000017d8       0x28 c:/program files/microchip/xc8/v2.36/avr/bin/../lib/gcc/avr/5.4.0/avr5/memx-const\libgcc.a(_divmodhi4.o)
                0x00000000000017d8                _div
                0x00000000000017d8                __divmodhi4

.text.libgcc.div
                0x0000000000001800       0x28
 .text.libgcc.div
                0x0000000000001800       0x28 c:/program files/microchip/xc8/v2.36/avr/bin/../lib/gcc/avr/5.4.0/avr5/memx-const\libgcc.a(_udivmodhi4.o)
                0x0000000000001800                __udivmodhi4

.text.DS18B20_ReadByte
                0x0000000000001828       0x22
 .text.DS18B20_ReadByte
                0x0000000000001828       0x22 sensors.o
                0x0000000000001828                DS18B20_ReadByte

.text.uart_init
                0x000000000000184a       0x22
 .text.uart_init
                0x000000000000184a       0x22 uart.o
                0x000000000000184a                uart_init

.text           0x000000000000186c       0x22
 .text          0x000000000000186c       0x22 c:/program files/microchip/xc8/v2.36/avr/bin/../lib/gcc/avr/5.4.0/../../../../avr/lib/avr5/memx-const\libm.a(fp_round.o)
                0x000000000000186c                __fp_round

.text.DS18B20_WriteByte
                0x000000000000188e       0x20
 .text.DS18B20_WriteByte
                0x000000000000188e       0x20 sensors.o
                0x000000000000188e                DS18B20_WriteByte

.text.libgcc.mul
                0x00000000000018ae       0x20
 .text.libgcc.mul
                0x00000000000018ae       0x20 c:/program files/microchip/xc8/v2.36/avr/bin/../lib/gcc/avr/5.4.0/avr5/memx-const\libgcc.a(_mulsi3.o)
                0x00000000000018ae                __mulsi3

.text.libgcc    0x00000000000018ce       0x20
 .text.libgcc   0x00000000000018ce       0x20 c:/program files/microchip/xc8/v2.36/avr/bin/../lib/gcc/avr/5.4.0/avr5/memx-const\libgcc.a(_negdi2.o)
                0x00000000000018ce                __negdi2

.text.libgcc.mul
                0x00000000000018ee       0x1e
 .text.libgcc.mul
                0x00000000000018ee       0x1e c:/program files/microchip/xc8/v2.36/avr/bin/../lib/gcc/avr/5.4.0/avr5/memx-const\libgcc.a(_umulhisi3.o)
                0x00000000000018ee                __umulhisi3

.text.libgcc.div
                0x000000000000190c       0x1c
 .text.libgcc.div
                0x000000000000190c       0x1c c:/program files/microchip/xc8/v2.36/avr/bin/../lib/gcc/avr/5.4.0/avr5/memx-const\libgcc.a(_udivdi3.o)
                0x000000000000190c                __umoddi3
                0x0000000000001910                __udivdi3
                0x0000000000001912                __udivdi3_umoddi3

.text.libgcc    0x0000000000001928       0x1a
 .text.libgcc   0x0000000000001928       0x1a c:/program files/microchip/xc8/v2.36/avr/bin/../lib/gcc/avr/5.4.0/avr5/memx-const\libgcc.a(_movmemx.o)
                0x0000000000001928                __movmemx_qi
                0x000000000000192a                __movmemx_hi

.text.libgcc    0x0000000000001942       0x18
 .text.libgcc   0x0000000000001942       0x18 c:/program files/microchip/xc8/v2.36/avr/bin/../lib/gcc/avr/5.4.0/avr5/memx-const\libgcc.a(_cmpdi2_s8.o)
                0x0000000000001942                __cmpdi2_s8

.text.libgcc.mul
                0x000000000000195a       0x16
 .text.libgcc.mul
                0x000000000000195a       0x16 c:/program files/microchip/xc8/v2.36/avr/bin/../lib/gcc/avr/5.4.0/avr5/memx-const\libgcc.a(_muluhisi3.o)
                0x000000000000195a                __muluhisi3

.text.exit      0x0000000000001970       0x16
 .text.exit     0x0000000000001970       0x16 c:/program files/microchip/xc8/v2.36/avr/bin/../lib/gcc/avr/5.4.0/../../../../avr/lib/avr5/memx-const\libc.a(exit.o)
                0x0000000000001970                exit

.text.I2C_Stop  0x0000000000001986       0x14
 .text.I2C_Stop
                0x0000000000001986       0x14 sensors.o
                0x0000000000001986                I2C_Stop

.text.I2C_Write
                0x000000000000199a       0x14
 .text.I2C_Write
                0x000000000000199a       0x14 sensors.o
                0x000000000000199a                I2C_Write

.text.I2C_Read_ACK
                0x00000000000019ae       0x14
 .text.I2C_Read_ACK
                0x00000000000019ae       0x14 sensors.o
                0x00000000000019ae                I2C_Read_ACK

.text.I2C_Read_NACK
                0x00000000000019c2       0x14
 .text.I2C_Read_NACK
                0x00000000000019c2       0x14 sensors.o
                0x00000000000019c2                I2C_Read_NACK

.text.I2C_Init  0x00000000000019d6       0x12
 .text.I2C_Init
                0x00000000000019d6       0x12 sensors.o
                0x00000000000019d6                I2C_Init

.text.uart_available
                0x00000000000019e8       0x12
 .text.uart_available
                0x00000000000019e8       0x12 uart.o
                0x00000000000019e8                uart_available

.text.uart_println
                0x00000000000019fa       0x12
 .text.uart_println
                0x00000000000019fa       0x12 uart.o
                0x00000000000019fa                uart_println

.text.libgcc.mul
                0x0000000000001a0c       0x12
 .text.libgcc.mul
                0x0000000000001a0c       0x12 c:/program files/microchip/xc8/v2.36/avr/bin/../lib/gcc/avr/5.4.0/avr5/memx-const\libgcc.a(_muldi3_6.o)
                0x0000000000001a0c                __muldi3_6

.text.libgcc    0x0000000000001a1e       0x12
 .text.libgcc   0x0000000000001a1e       0x12 c:/program files/microchip/xc8/v2.36/avr/bin/../lib/gcc/avr/5.4.0/avr5/memx-const\libgcc.a(_adddi3.o)
                0x0000000000001a1e                __adddi3

.text.libgcc    0x0000000000001a30       0x12
 .text.libgcc   0x0000000000001a30       0x12 c:/program files/microchip/xc8/v2.36/avr/bin/../lib/gcc/avr/5.4.0/avr5/memx-const\libgcc.a(_subdi3.o)
                0x0000000000001a30                __subdi3

.text.I2C_Start
                0x0000000000001a42       0x10
 .text.I2C_Start
                0x0000000000001a42       0x10 sensors.o
                0x0000000000001a42                I2C_Start

.text.libgcc.div
                0x0000000000001a52       0x10
 .text.libgcc.div
                0x0000000000001a52       0x10 c:/program files/microchip/xc8/v2.36/avr/bin/../lib/gcc/avr/5.4.0/avr5/memx-const\libgcc.a(_negsi2.o)
                0x0000000000001a52                __negsi2

.text.libgcc.mul
                0x0000000000001a62       0x10
 .text.libgcc.mul
                0x0000000000001a62       0x10 c:/program files/microchip/xc8/v2.36/avr/bin/../lib/gcc/avr/5.4.0/avr5/memx-const\libgcc.a(_mulshisi3.o)
                0x0000000000001a62                __mulshisi3
                0x0000000000001a68                __mulohisi3

.text.Button_Init
                0x0000000000001a72        0xe
 .text.Button_Init
                0x0000000000001a72        0xe sensors.o
                0x0000000000001a72                Button_Init

.text.uart_transmit
                0x0000000000001a80        0xe
 .text.uart_transmit
                0x0000000000001a80        0xe uart.o
                0x0000000000001a80                uart_transmit

.text           0x0000000000001a8e        0xe
 .text          0x0000000000001a8e        0xe c:/program files/microchip/xc8/v2.36/avr/bin/../lib/gcc/avr/5.4.0/../../../../avr/lib/avr5/memx-const\libm.a(fixsfsi.o)
                0x0000000000001a8e                __fixsfsi

.text           0x0000000000001a9c        0xe
 .text          0x0000000000001a9c        0xe c:/program files/microchip/xc8/v2.36/avr/bin/../lib/gcc/avr/5.4.0/../../../../avr/lib/avr5/memx-const\libm.a(fp_pscA.o)
                0x0000000000001a9c                __fp_pscA

.text           0x0000000000001aaa        0xe
 .text          0x0000000000001aaa        0xe c:/program files/microchip/xc8/v2.36/avr/bin/../lib/gcc/avr/5.4.0/../../../../avr/lib/avr5/memx-const\libm.a(fp_pscB.o)
                0x0000000000001aaa                __fp_pscB

.text           0x0000000000001ab8        0xe
 .text          0x0000000000001ab8        0xe c:/program files/microchip/xc8/v2.36/avr/bin/../lib/gcc/avr/5.4.0/../../../../avr/lib/avr5/memx-const\libm.a(fp_zero.o)
                0x0000000000001ab8                __fp_zero
                0x0000000000001aba                __fp_szero

.text           0x0000000000001ac6        0xc
 .text          0x0000000000001ac6        0xc c:/program files/microchip/xc8/v2.36/avr/bin/../lib/gcc/avr/5.4.0/../../../../avr/lib/avr5/memx-const\libm.a(fp_inf.o)
                0x0000000000001ac6                __fp_inf

.text.DS18B20_ReadPin
                0x0000000000001ad2        0xa
 .text.DS18B20_ReadPin
                0x0000000000001ad2        0xa sensors.o
                0x0000000000001ad2                DS18B20_ReadPin

.text.diode_pb0_on
                0x0000000000001adc        0x8
 .text.diode_pb0_on
                0x0000000000001adc        0x8 diodes.o
                0x0000000000001adc                diode_pb0_on

.text.diode_pb0_off
                0x0000000000001ae4        0x8
 .text.diode_pb0_off
                0x0000000000001ae4        0x8 diodes.o
                0x0000000000001ae4                diode_pb0_off

.text.DS18B20_SetPinOutput
                0x0000000000001aec        0x8
 .text.DS18B20_SetPinOutput
                0x0000000000001aec        0x8 sensors.o
                0x0000000000001aec                DS18B20_SetPinOutput

.text.DS18B20_SetPinInput
                0x0000000000001af4        0x8
 .text.DS18B20_SetPinInput
                0x0000000000001af4        0x8 sensors.o
                0x0000000000001af4                DS18B20_SetPinInput

.text.DS18B20_SetPinLow
                0x0000000000001afc        0x8
 .text.DS18B20_SetPinLow
                0x0000000000001afc        0x8 sensors.o
                0x0000000000001afc                DS18B20_SetPinLow

.text.DS18B20_SetPinHigh
                0x0000000000001b04        0x8
 .text.DS18B20_SetPinHigh
                0x0000000000001b04        0x8 sensors.o
                0x0000000000001b04                DS18B20_SetPinHigh

.text           0x0000000000001b0c        0x8
 .text          0x0000000000001b0c        0x8 c:/program files/microchip/xc8/v2.36/avr/bin/../lib/gcc/avr/5.4.0/../../../../avr/lib/avr5/memx-const\libm.a(divsf3.o)
                0x0000000000001b0c                __divsf3

.text           0x0000000000001b14        0x6
 .text          0x0000000000001b14        0x6 c:/program files/microchip/xc8/v2.36/avr/bin/../lib/gcc/avr/5.4.0/../../../../avr/lib/avr5/memx-const\libm.a(fp_nan.o)
                0x0000000000001b14                __fp_nan

.text           0x0000000000001b1a        0x4
 .text          0x0000000000001b1a        0x4 Z:/SOFTWARE/7.0/Packs/atmel/ATmega_DFP/1.7.374/xc8/avr/lib/avr5/memx-const/crtatmega328pb.o
                0x0000000000001b1a                __vector_38
                0x0000000000001b1a                __vector_22
                0x0000000000001b1a                __vector_28
                0x0000000000001b1a                __vector_1
                0x0000000000001b1a                __vector_32
                0x0000000000001b1a                __vector_34
                0x0000000000001b1a                __vector_24
                0x0000000000001b1a                __vector_12
                0x0000000000001b1a                __bad_interrupt
                0x0000000000001b1a                __vector_6
                0x0000000000001b1a                __vector_31
                0x0000000000001b1a                __vector_35
                0x0000000000001b1a                __vector_39
                0x0000000000001b1a                __vector_3
                0x0000000000001b1a                __vector_23
                0x0000000000001b1a                __vector_30
                0x0000000000001b1a                __vector_25
                0x0000000000001b1a                __vector_11
                0x0000000000001b1a                __vector_13
                0x0000000000001b1a                __vector_17
                0x0000000000001b1a                __vector_19
                0x0000000000001b1a                __vector_7
                0x0000000000001b1a                __vector_41
                0x0000000000001b1a                __vector_43
                0x0000000000001b1a                __vector_27
                0x0000000000001b1a                __vector_5
                0x0000000000001b1a                __vector_33
                0x0000000000001b1a                __vector_37
                0x0000000000001b1a                __vector_4
                0x0000000000001b1a                __vector_44
                0x0000000000001b1a                __vector_9
                0x0000000000001b1a                __vector_2
                0x0000000000001b1a                __vector_21
                0x0000000000001b1a                __vector_15
                0x0000000000001b1a                __vector_36
                0x0000000000001b1a                __vector_29
                0x0000000000001b1a                __vector_40
                0x0000000000001b1a                __vector_8
                0x0000000000001b1a                __vector_26
                0x0000000000001b1a                __vector_10
                0x0000000000001b1a                __vector_16
                0x0000000000001b1a                __vector_20
                0x0000000000001b1a                __vector_42

.text._Exit     0x0000000000001b1e        0x4
 .text._Exit    0x0000000000001b1e        0x4 c:/program files/microchip/xc8/v2.36/avr/bin/../lib/gcc/avr/5.4.0/../../../../avr/lib/avr5/memx-const\libc.a(_Exit.o)
                0x0000000000001b1e                _Exit

.text.__dummy_fini
                0x0000000000001b22        0x2
 .text.__dummy_fini
                0x0000000000001b22        0x2 c:/program files/microchip/xc8/v2.36/avr/bin/../lib/gcc/avr/5.4.0/../../../../avr/lib/avr5/memx-const\libc.a(exit.o)
                0x0000000000001b22                _fini

.text.__dummy_funcs_on_exit
                0x0000000000001b24        0x2
 .text.__dummy_funcs_on_exit
                0x0000000000001b24        0x2 c:/program files/microchip/xc8/v2.36/avr/bin/../lib/gcc/avr/5.4.0/../../../../avr/lib/avr5/memx-const\libc.a(exit.o)
                0x0000000000001b24                __funcs_on_exit

.text.__dummy_simulator_exit
                0x0000000000001b26        0x2
 .text.__dummy_simulator_exit
                0x0000000000001b26        0x2 c:/program files/microchip/xc8/v2.36/avr/bin/../lib/gcc/avr/5.4.0/../../../../avr/lib/avr5/memx-const\libc.a(exit.o)
                0x0000000000001b26                __simulator_exit
